[mvisystems.com/index.html]
[backblue.gif]
[fade.gif]
[index.html]
[mvisystems.com/wp-includes/css/dist/block-library/style.min9704.css]
[mvisystems.com/wp-content/plugins/contact-form-7/includes/css/styles69c8.css]
[mvisystems.com/wp-content/themes/understrap/css/theme-bootstrap4.min04f9.css]
[mvisystems.com/feed/index.html]
[use.fontawesome.com/releases/v6.2.0/css/all.css]
[mvisystems.com/wp-content/plugins/bellows-accordion-menu/assets/css/bellows.min1159.css]
[mvisystems.com/wp-content/plugins/bellows-accordion-menu/assets/css/fontawesome/css/font-awesome.min1159.css]
[mvisystems.com/wp-content/themes/understrap-child/assets/css/aw-child-theme-defaults3b6a.css]
[mvisystems.com/wp-content/themes/understrap-child/assets/css/aw-custom24c5.css]
[mvisystems.com/wp-content/themes/understrap-child/assets/css/aw-logosb45e.css]
[mvisystems.com/wp-content/themes/understrap-child/assets/css/aw-gsap-stylesb45e.css]
[cdn.jsdelivr.net/npm/keen-slider@6.8.5/keen-slider.min.css]
[mvisystems.com/wp-content/themes/understrap-child/assets/css/aw-responsive-stylesd490.css]
[mvisystems.com/wp-content/themes/understrap-child/assets/css/acf-map-stylesb45e.css]
[use.fontawesome.com/releases/v6.2.0/css/v4-shims.css]
[mvisystems.com/wp-includes/js/jquery/jquery.minf43b.js]
[mvisystems.com/wp-includes/js/jquery/jquery-migrate.min5589.js]
[cdnjs.cloudflare.com/ajax/libs/gsap/3.11.4/gsap.min.js]
[cdnjs.cloudflare.com/ajax/libs/gsap/3.11.4/ScrollTrigger.min.js]
[mvisystems.com/wp-json/wp/v2/pages/2.json]
[mvisystems.com/wp-json/index.html]
[mvisystems.com/xmlrpc0db0.php]
[mvisystems.com/wp-json/oembed/1.0/embed82a2.json]
[mvisystems.com/wp-json/oembed/1.0/embed75ef]
[mvisystems.com/wp-content/uploads/2022/12/MVI_Nav_Logo-150x150.png]
[mvisystems.com/wp-content/uploads/2022/12/MVI_Nav_Logo.png]
[mvisystems.com/wp-content/uploads/2022/12/woman-with-dog-using-mvi-intercom-1024x683.jpg]
[mvisystems.com/wp-content/uploads/2023/02/home-1.png]
[mvisystems.com/wp-content/uploads/2023/02/phone-1.png]
[mvisystems.com/how-it-works/index.html]
[mvisystems.com/wp-content/uploads/2023/02/intercom-1.png]
[mvisystems.com/wp-content/uploads/2023/02/home-300x276.png]
[mvisystems.com/wp-content/uploads/2023/02/phone-243x300.png]
[mvisystems.com/wp-content/uploads/2023/02/intercom-284x300.png]
[mvisystems.com/management-companies/index.html]
[mvisystems.com/wp-content/uploads/2023/02/maxresdefault-1024x576.jpg]
[mvisystems.com/wp-content/uploads/2022/12/intercom.png]
[mvisystems.com/wp-content/uploads/2022/12/smart-watch.png]
[mvisystems.com/dealers/index.html]
[mvisystems.com/wp-content/uploads/2022/12/phone.png]
[mvisystems.com/residents/index.html]
[mvisystems.com/wp-content/uploads/2022/12/qr-code.png]
[mvisystems.com/wp-content/uploads/2022/12/phone-app.png]
[mvisystems.com/wp-content/uploads/2022/12/enhanced-security-853x1024.jpg]
[mvisystems.com/products/keycom-bolt/index.html]
[mvisystems.com/wp-content/uploads/2022/12/audit-and-track-door-events-853x1024.jpg]
[mvisystems.com/wp-content/uploads/2022/12/track-and-resolve-service-requests-853x1024.jpg]
[mvisystems.com/wp-content/uploads/2022/12/effortless-communication-853x1024.jpg]
[mvisystems.com/wp-content/uploads/2023/04/homeland_logo.png]
[mvisystems.com/products/keycom-lite/index.html]
[mvisystems.com/wp-content/uploads/2023/04/logoooo-removebg-preview.png]
[mvisystems.com/wp-content/uploads/2023/01/metropolitansecurity.us_-300x115.png]
[mvisystems.com/wp-content/uploads/2023/01/one-button-inc-300x80.png]
[mvisystems.com/wp-content/uploads/2023/01/Paragon-Security--300x99.jpg]
[mvisystems.com/products/pedestals-and-mounts/index.html]
[mvisystems.com/wp-content/uploads/2023/01/platinum-safety-300x57.png]
[mvisystems.com/wp-content/uploads/2023/04/Quick-Key-Locksmith_19.02.18-01-300x203.png]
[mvisystems.com/products/accessories/index.html]
[mvisystems.com/wp-content/uploads/2023/01/Signitel-Technologies-300x133.png]
[mvisystems.com/wp-content/uploads/2023/04/Tetra-2020-BLKBG-300x99.png]
[mvisystems.com/gated-communities/index.html]
[mvisystems.com/wp-content/uploads/2023/04/logo-watchmen-01-300x47.png]
[mvisystems.com/wp-content/uploads/2023/04/Premier-Property-Management-.jpg]
[mvisystems.com/wp-content/uploads/2023/01/Phipps-Houses-300x170.jpg]
[mvisystems.com/commercial-video-intercom-access/index.html]
[mvisystems.com/wp-content/uploads/2023/01/PinnacleGroup-1-250x187-1.webp]
[mvisystems.com/wp-content/uploads/2023/04/logo-grey-300x169.png]
[mvisystems.com/wp-content/uploads/2023/04/Greystar-300x157.jpg]
[mvisystems.com/wp-content/uploads/2023/04/Galleria.png]
[mvisystems.com/products/package-room/index.html]
[mvisystems.com/wp-content/uploads/2023/04/Fairstead.jpg]
[mvisystems.com/wp-content/uploads/2023/04/Dermot-Company-300x48.png]
[mvisystems.com/wp-content/uploads/2023/01/Deer-Grow-Logo-300x127.png]
[mvisystems.com/student-housing-security/index.html]
[mvisystems.com/wp-content/uploads/2023/04/asden-logo-300x94.png]
[mvisystems.com/download-apps-my-mvi-mobile-app/index.html]
[mvisystems.com/wp-content/uploads/2022/12/footer-logo.png]
[mvisystems.com/integrations/index.html]
[mvisystems.com/cdn-cgi/l/email-protection.html]
[mvisystems.com/case-studies/index.html]
[mvisystems.com/wp-content/uploads/2022/12/linkedin.png]
[mvisystems.com/wp-content/uploads/2022/12/facebook.png]
[mvisystems.com/wp-content/uploads/2022/12/twitter.png]
[mvisystems.com/user-guide/index.html]
[mvisystems.com/wp-content/uploads/2022/12/instagram.png]
[mvisystems.com/training-videos/index.html]
[mvisystems.com/wp-content/uploads/2023/02/youtube.png]
[mvisystems.com/competitive-landscape-keycom-access-control/index.html]
[mvisystems.com/wp-content/uploads/2023/02/1_MVI_-_Terms_of_Service_8-6529-1_-AGMT_02121898x7A3C1_v6fp.pdf]
[mvisystems.com/wp-content/uploads/2023/02/MVI_scene-_camera-final0000_Revised-1.gif]
[mvisystems.com/fact-sheets/index.html]
[mvisystems.com/cdn-cgi/scripts/5c5dd728/cloudflare-static/email-decode.min.js]
[mvisystems.com/wp-content/plugins/contact-form-7/includes/swv/js/index69c8.js]
[mvisystems.com/wp-content/plugins/contact-form-7/includes/js/index69c8.js]
[ajax.googleapis.com/ajax/libs/webfont/1.6.26/webfontd95c.js]
[mvisystems.com/faqs/index.html]
[mvisystems.com/wp-content/plugins/mailoptin/src/core/src/assets/js/mailoptin.mind95c.js]
[mvisystems.com/wp-content/themes/understrap/js/theme-bootstrap4.mine24e.js]
[www.google.com/recaptcha/api14e1.js]
[mvisystems.com/contact-us/index.html]
[mvisystems.com/wp-includes/js/dist/vendor/wp-polyfill.min2c7c.js]
[mvisystems.com/gallery/index.html]
[mvisystems.com/wp-content/plugins/contact-form-7/modules/recaptcha/index69c8.js]
[mvisystems.com/wp-content/plugins/bellows-accordion-menu/assets/js/bellows.min1159.js]
[unpkg.com/smooth-scrollbar@8.8.1/dist/smooth-scrollbar.js]
[mvisystems.com/wp-content/themes/understrap-child/assets/js/aw-gsap-scriptsb45e.js]
[mvisystems.com/clients/index.html]
[mvisystems.com/blog-automated-property-access-news-information/index.html]
[cdnjs.cloudflare.com/ajax/libs/gsap/3.11.3/gsap.mina5bd.js]
[mvisystems.com/mvi-press/index.html]
[mvisystems.com/request-quote/index.html]
[cdnjs.cloudflare.com/ajax/libs/gsap/3.11.3/ScrollTrigger.mina5bd.js]
[mvisystems.com/wp-content/themes/understrap-child/assets/js/aw-custom9749.js]
[mvisystems.com/wp-content/themes/understrap-child/assets/js/parallax.min91ce.js]
[cdn.jsdelivr.net/npm/keen-slider@6.8.5/keen-slider.min.js]
[mvisystems.com/accessibility/index.html]
[mvisystems.com/wp-content/themes/understrap-child/assets/js/aw-keen-slider29a8.js]
[mvisystems.com/index.html]
[www.googletagmanager.com/gtm5445.html]
[mvisystems.com/wp-includes/css/dist/block-library/style.min9704.css]
[mvisystems.com/wp-content/plugins/contact-form-7/includes/css/styles69c8.css]
[mvisystems.com/wp-content/themes/understrap-child/assets/js/acf-map-scriptsb45e.js]
[mvisystems.com/privacy-policy/index.html]
[mvisystems.com/wp-content/themes/understrap/fonts/fontawesome-webfont3e6e.eot]
[mvisystems.com/wp-content/themes/understrap/fonts/fontawesome-webfontd41d.eot]
[mvisystems.com/wp-content/themes/understrap/fonts/fontawesome-webfont3e6e.woff2]
[mvisystems.com/wp-content/themes/understrap/fonts/fontawesome-webfont3e6e.woff]
[mvisystems.com/wp-content/themes/understrap/fonts/fontawesome-webfont3e6e.ttf]
[mvisystems.com/wp-content/themes/understrap/css/theme-bootstrap4.min04f9.css]
[use.fontawesome.com/releases/v6.2.0/css/all.css]
[mvisystems.com/wp-content/plugins/bellows-accordion-menu/assets/css/bellows.min1159.css]
[mvisystems.com/wp-content/themes/understrap/fonts/fontawesome-webfont3e6e.svg]
[mvisystems.com/wp-content/plugins/bellows-accordion-menu/assets/css/fontawesome/fonts/fontawesome-webfont93e3.eot]
[mvisystems.com/wp-content/plugins/bellows-accordion-menu/assets/css/fontawesome/fonts/fontawesome-webfontd41d.eot]
[mvisystems.com/wp-content/plugins/bellows-accordion-menu/assets/css/fontawesome/fonts/fontawesome-webfont93e3.woff2]
[mvisystems.com/wp-content/plugins/bellows-accordion-menu/assets/css/fontawesome/fonts/fontawesome-webfont93e3.woff]
[mvisystems.com/wp-content/plugins/bellows-accordion-menu/assets/css/fontawesome/fonts/fontawesome-webfont93e3.ttf]
[mvisystems.com/wp-content/plugins/bellows-accordion-menu/assets/css/fontawesome/css/font-awesome.min1159.css]
[mvisystems.com/wp-content/themes/understrap-child/assets/css/aw-child-theme-defaults3b6a.css]
[mvisystems.com/wp-content/plugins/bellows-accordion-menu/assets/css/fontawesome/fonts/fontawesome-webfont93e3.svg]
[mvisystems.com/wp-content/uploads/2022/11/Background_pattern.png]
[mvisystems.com/wp-content/uploads/2023/01/bg.png]
[mvisystems.com/wp-content/uploads/2022/11/Background_pattern_dark.png]
[mvisystems.com/wp-content/uploads/2023/01/download-cursor.png]
[mvisystems.com/wp-content/uploads/2023/01/ant-design_download-outlined.png]
[mvisystems.com/wp-content/uploads/2023/01/down-arrow.png]
[mvisystems.com/wp-content/uploads/2023/01/Vector-928-Stroke.png]
[mvisystems.com/wp-content/uploads/2023/02/down-arrow-light.png]
[mvisystems.com/wp-content/themes/understrap-child/assets/css/aw-custom24c5.css]
[mvisystems.com/wp-content/themes/understrap-child/assets/css/aw-logosb45e.css]
[mvisystems.com/wp-content/themes/understrap-child/assets/css/aw-gsap-stylesb45e.css]
[cdn.jsdelivr.net/npm/keen-slider@6.8.5/keen-slider.min.css]
[mvisystems.com/wp-content/uploads/2023/02/Union.png]
[mvisystems.com/wp-content/themes/understrap-child/assets/css/aw-responsive-stylesd490.css]
[mvisystems.com/wp-content/uploads/2023/02/down-arrow.png]
[mvisystems.com/wp-content/themes/understrap-child/assets/css/acf-map-stylesb45e.css]
[use.fontawesome.com/releases/v6.2.0/css/v4-shims.css]
[mvisystems.com/wp-json/wp/v2/pages/6.json]
[mvisystems.com/wp-json/oembed/1.0/embed4c30.json]
[mvisystems.com/wp-json/oembed/1.0/embed2b13]
[mvisystems.com/wp-content/uploads/2022/12/Apartment-buildings-1024x682.jpg]
[mvisystems.com/wp-content/uploads/2022/12/man-working-on-laptop.jpg]
[mvisystems.com/wp-content/uploads/2022/12/business-people-making-a-deal-1024x768.jpg]
[mvisystems.com/wp-content/uploads/2022/12/woman-using-mvi-system-1024x683.jpg]
[mvisystems.com/how-it-works/index.html]
[mvisystems.com/wp-json/wp/v2/pages/50.json]
[mvisystems.com/wp-json/oembed/1.0/embed3c02.json]
[mvisystems.com/wp-json/oembed/1.0/embed4378]
[mvisystems.com/wp-content/uploads/2023/02/superadmin-building-1024x768.jpg]
[mvisystems.com/wp-content/uploads/2023/02/Monitor-Info-web-1024x768.jpg]
[mvisystems.com/wp-content/uploads/2023/02/Capture-Entry-Sessions-web-1024x768.jpg]
[mvisystems.com/wp-content/uploads/2023/02/Automatic-Alerts-web-1024x768.jpg]
[mvisystems.com/wp-content/uploads/2022/12/apartment-building-render-1024x589.png]
[mvisystems.com/wp-content/uploads/2023/02/gates-communities_pedestal-1024x1024.jpg]
[mvisystems.com/wp-content/uploads/2022/12/apartment-building-rendering.png]
[mvisystems.com/management-companies/index.html]
[mvisystems.com/wp-json/wp/v2/pages/130.json]
[mvisystems.com/wp-json/oembed/1.0/embed3a0b.json]
[mvisystems.com/wp-json/oembed/1.0/embed82b4]
[mvisystems.com/wp-content/uploads/2023/02/mvi-install-hardhat-guy-768x1024.jpg]
[mvisystems.com/dealers/index.html]
[mvisystems.com/wp-json/wp/v2/pages/131.json]
[mvisystems.com/wp-json/oembed/1.0/embed5f97.json]
[mvisystems.com/residents/index.html]
[mvisystems.com/wp-json/oembed/1.0/embed51aa]
[mvisystems.com/wp-json/wp/v2/mvi_product/99.json]
[mvisystems.com/wp-json/oembed/1.0/embed1465.json]
[mvisystems.com/wp-json/oembed/1.0/embed3b63]
[mvisystems.com/wp-content/uploads/2022/12/Bolt.gif]
[mvisystems.com/wp-content/uploads/2023/01/MVI_BOLT-Product-Page.pdf]
[mvisystems.com/wp-content/uploads/2022/12/Lite-300x193.gif]
[mvisystems.com/wp-content/uploads/2022/12/stands-142x300.png]
[mvisystems.com/wp-content/uploads/2022/12/accessories-300x293.png]
[mvisystems.com/products/keycom-bolt/index.html]
[mvisystems.com/wp-json/wp/v2/mvi_product/100.json]
[mvisystems.com/wp-json/oembed/1.0/embedc5ba.json]
[mvisystems.com/wp-json/oembed/1.0/embed827a]
[mvisystems.com/wp-content/uploads/2022/12/Lite.gif]
[mvisystems.com/wp-content/uploads/2023/01/MVI_LITE-Product-Page.pdf]
[mvisystems.com/wp-content/uploads/2022/12/Bolt-300x193.gif]
[mvisystems.com/products/keycom-lite/index.html]
[mvisystems.com/wp-json/wp/v2/mvi_product/102.json]
[mvisystems.com/wp-json/oembed/1.0/embedbd7b.json]
[mvisystems.com/wp-json/oembed/1.0/embed1045]
[mvisystems.com/wp-content/uploads/2022/12/adapter-plate-bolt.jpg]
[mvisystems.com/wp-content/uploads/2023/01/Adapter-Plate-BOLT.pdf]
[mvisystems.com/wp-content/uploads/2022/12/Flush-Mount-Tower–BOLT.jpg]
[mvisystems.com/wp-content/uploads/2023/01/Flush_Mount_Tower-BOLT.pdf]
[mvisystems.com/wp-content/uploads/2022/12/Gooseneck-Pedestal-BOLT.jpg]
[mvisystems.com/wp-content/uploads/2023/01/Gooseneck_Pedestal-1.pdf]
[mvisystems.com/wp-content/uploads/2022/12/Surface-Mount-Tower–BOLT.jpg]
[mvisystems.com/wp-content/uploads/2023/01/Surface_Mount_Tower_Spec-1.pdf]
[mvisystems.com/wp-content/uploads/2022/12/Adapter-Plate–LITE.jpg]
[mvisystems.com/wp-content/uploads/2023/01/Adapter-Plate.pdf]
[mvisystems.com/wp-content/uploads/2022/12/Flush-Mount-Tower–LITE.jpg]
[mvisystems.com/wp-content/uploads/2023/01/Flush_Mount_Tower-1.pdf]
[mvisystems.com/wp-content/uploads/2022/12/Gooseneck-Pedestal–LITE.jpg]
[mvisystems.com/wp-content/uploads/2023/01/Gooseneck_Pedestal-LITE.pdf]
[mvisystems.com/wp-content/uploads/2022/12/Surface-Mount-Tower–LITE.jpg]
[mvisystems.com/wp-content/uploads/2023/01/Surface_Mount_Tower_Spec-LITE.pdf]
[mvisystems.com/products/pedestals-and-mounts/index.html]
[mvisystems.com/wp-json/wp/v2/mvi_product/103.json]
[mvisystems.com/wp-json/oembed/1.0/embedc4ee.json]
[mvisystems.com/wp-json/oembed/1.0/embedf229]
[mvisystems.com/wp-content/uploads/2022/12/Additional-MyKey-Set.jpg]
[mvisystems.com/wp-content/uploads/2023/01/MyKey-Accessories_1.pdf]
[mvisystems.com/wp-content/uploads/2022/12/Additional-MyKey-Set-2.jpg]
[mvisystems.com/wp-content/uploads/2022/12/Additional-MyKey-Set-3.jpg]
[mvisystems.com/wp-content/uploads/2022/12/Resident-Onboarding-Package.jpg]
[mvisystems.com/products/accessories/index.html]
[mvisystems.com/wp-json/wp/v2/pages/2224.json]
[mvisystems.com/wp-json/oembed/1.0/embedcf4c.json]
[mvisystems.com/wp-json/oembed/1.0/embed73bf]
[mvisystems.com/wp-content/uploads/2023/06/gates-communities_pedestal_1.jpg]
[mvisystems.com/wp-content/uploads/2023/06/keycom_on_gate-1024x682.jpg]
[mvisystems.com/wp-content/uploads/2022/12/keycom-bolt-300x300.png]
[mvisystems.com/gated-communities/index.html]
[mvisystems.com/wp-json/wp/v2/pages/129.json]
[mvisystems.com/wp-json/oembed/1.0/embed8e42.json]
[mvisystems.com/wp-json/oembed/1.0/embed8f25]
[mvisystems.com/wp-content/uploads/2022/12/man-using-cell-phone-1024x682.jpg]
[mvisystems.com/commercial-video-intercom-access/index.html]
[mvisystems.com/wp-json/wp/v2/mvi_product/104.json]
[mvisystems.com/wp-json/oembed/1.0/embedd034.json]
[mvisystems.com/wp-json/oembed/1.0/embed2d55]
[mvisystems.com/wp-content/uploads/2022/12/package-rooms.jpg]
[mvisystems.com/wp-content/uploads/2022/12/keycom-lite-1-853x1024.png]
[mvisystems.com/wp-content/uploads/2022/12/app.png]
[mvisystems.com/wp-content/uploads/2022/12/code.png]
[mvisystems.com/wp-content/uploads/2022/12/delivery-man-holding-package-1024x540.jpg]
[mvisystems.com/products/package-room/index.html]
[mvisystems.com/wp-json/wp/v2/pages/2085.json]
[mvisystems.com/wp-json/oembed/1.0/embedf252.json]
[mvisystems.com/wp-json/oembed/1.0/embed06bb]
[mvisystems.com/wp-content/uploads/2023/02/student-housing-1-1024x683.jpg]
[mvisystems.com/wp-content/uploads/2023/02/MVI_Student_Housing_Fact_Sheet.pdf]
[mvisystems.com/wp-content/uploads/2023/02/student-housing-2-1024x683.jpg]
[mvisystems.com/wp-content/uploads/2023/04/Student-Housing-Icons-02-768x720-1-300x281.png]
[mvisystems.com/wp-content/uploads/2023/04/Student-Housing-Icons-03-768x720-1-300x281.png]
[mvisystems.com/wp-content/uploads/2023/04/Student-Housing-Icons-04-768x720-1-300x281.png]
[mvisystems.com/wp-content/uploads/2023/04/Student-Housing-Icons-05-768x720-1-300x281.png]
[mvisystems.com/wp-content/uploads/2023/04/Student-Housing-Icons-06-768x720-1-300x281.png]
[mvisystems.com/wp-content/uploads/2023/04/Student-Housing-Icons-07-768x720-1-300x281.png]
[mvisystems.com/wp-content/uploads/2023/04/Student-Housing-Icons-08-768x720-1-300x281.png]
[mvisystems.com/wp-content/uploads/2023/04/Package-Room-Image-Web-1024x362.jpg]
[mvisystems.com/student-housing-security/index.html]
[mvisystems.com/wp-json/wp/v2/pages/111.json]
[mvisystems.com/wp-json/oembed/1.0/embede687.json]
[mvisystems.com/wp-json/oembed/1.0/embed00ad]
[mvisystems.com/wp-content/uploads/2023/01/Google-Play-logo.png]
[mvisystems.com/wp-content/uploads/2023/01/Apple-logo.png]
[mvisystems.com/wp-content/uploads/mvi-apps/MVI_Desktop_Client.msi]
[mvisystems.com/wp-content/uploads/2023/01/Microsoft-logo.png]
[mvisystems.com/download-apps-my-mvi-mobile-app/index.html]
[mvisystems.com/wp-content/uploads/2023/01/Frame.png]
[mvisystems.com/wp-json/oembed/1.0/embedcb7f.json]
[mvisystems.com/wp-json/oembed/1.0/embed2244]
[mvisystems.com/wp-content/uploads/2023/01/man-working-on-laptop-1024x757.jpg]
[mvisystems.com/wp-content/uploads/2023/03/3xInfinias-Logo.jpg]
[mvisystems.com/wp-content/uploads/2023/01/brivo.webp]
[mvisystems.com/wp-content/uploads/2023/02/HcLogoTransparent_300x300.png]
[mvisystems.com/wp-content/uploads/2023/03/Openpath-Logo-300x104.png]
[mvisystems.com/wp-content/uploads/2023/02/b4f456_94f6e6519f654d10baea49b45e959df0.webp]
[mvisystems.com/wp-content/uploads/2023/03/Salto-Logo-300x167.png]
[mvisystems.com/wp-content/uploads/2023/02/AmazonKey-300x186.png]
[mvisystems.com/wp-content/uploads/2023/03/Appfolio-Logo--300x109.png]
[mvisystems.com/wp-content/uploads/2023/03/Entrada-Logo--300x158.png]
[mvisystems.com/wp-content/uploads/2023/03/MRI-Logo--300x225.webp]
[mvisystems.com/wp-content/uploads/2023/03/Realpage-Logo-300x169.png]
[mvisystems.com/wp-content/uploads/2023/03/Remote-Landlord-Logo-300x49.png]
[mvisystems.com/wp-content/uploads/2023/03/Yardi-Logo-300x167.png]
[mvisystems.com/wp-content/uploads/2023/03/Digital-Watchdog-Logo--300x220.jpg]
[mvisystems.com/wp-content/uploads/2023/03/Eagle-Eye-Networks-Logo--300x103.webp]
[mvisystems.com/wp-content/uploads/2023/03/OpenEye-Logo-300x59.png]
[mvisystems.com/wp-content/uploads/2023/02/controlbyweb-300x122.png]
[mvisystems.com/integrations/index.html]
[mvisystems.com/wp-json/wp/v2/pages/113.json]
[mvisystems.com/wp-json/oembed/1.0/embed33ff.json]
[mvisystems.com/wp-json/oembed/1.0/embed03a1]
[mvisystems.com/wp-content/uploads/2023/01/The_Grand_main-1024x682.jpg]
[mvisystems.com/wp-content/uploads/2023/01/apartment-building-rendering.jpg]
[mvisystems.com/case-studies/index.html]
[mvisystems.com/wp-json/wp/v2/pages/114.json]
[mvisystems.com/case-studies/the-grand/index.html]
[mvisystems.com/case-studies/greystar/index.html]
[mvisystems.com/wp-json/oembed/1.0/embed6729.json]
[mvisystems.com/wp-json/oembed/1.0/embedb079]
[mvisystems.com/wp-content/uploads/2023/01/qrcode_My_MVI_App-1024x1024.png]
[mvisystems.com/wp-content/uploads/2023/01/barcode-scan.png]
[mvisystems.com/wp-content/uploads/2023/01/app-resident.png]
[mvisystems.com/wp-content/uploads/2023/01/mykey-tabs.png]
[mvisystems.com/wp-content/uploads/2023/01/code.png]
[mvisystems.com/wp-content/uploads/2023/01/keycom-account.png]
[mvisystems.com/wp-content/uploads/2023/01/keycom-intercom-1024x482.png]
[mvisystems.com/wp-content/uploads/2023/01/app-directory.png]
[mvisystems.com/wp-content/uploads/2023/01/app-calling-1024x465.png]
[mvisystems.com/wp-content/uploads/2023/01/app-dialpad.png]
[mvisystems.com/wp-content/uploads/2023/02/My-MVI-User-Guide.pdf]
[mvisystems.com/wp-content/uploads/2023/01/pdf-render.png]
[mvisystems.com/wp-content/uploads/2023/02/MVI-Resident-User-Guide.pdf]
[mvisystems.com/user-guide/index.html]
[mvisystems.com/wp-json/wp/v2/pages/115.json]
[mvisystems.com/wp-json/oembed/1.0/embed8641.json]
[mvisystems.com/wp-json/oembed/1.0/embed5f41]
[mvisystems.com/wp-content/uploads/2023/01/mvi-keycom-swipe-1024x576.png]
[mvisystems.com/wp-content/uploads/2023/01/mvi-app-interface-e1673975087584-1024x808.png]
[mvisystems.com/wp-content/uploads/2023/01/mvi-app-interface-1-e1673975113866-1024x811.png]
[mvisystems.com/wp-content/uploads/2023/01/mvi-app-instructions-e1673975133299-564x1024.png]
[mvisystems.com/wp-content/uploads/2023/01/mvi-send-visitor-mykey-e1673975149565-573x1024.png]
[mvisystems.com/wp-content/uploads/2023/01/mvi-manage-users-e1673975165439-564x1024.png]
[mvisystems.com/wp-content/uploads/2023/01/mvi-new-user-e1673975181744-569x1024.png]
[mvisystems.com/wp-content/uploads/2023/01/mvi-welcome-1024x576.png]
[mvisystems.com/training-videos/index.html]
[mvisystems.com/wp-json/wp/v2/pages/116.json]
[mvisystems.com/wp-json/oembed/1.0/embed7985.json]
[mvisystems.com/wp-json/oembed/1.0/embed511d]
[mvisystems.com/wp-content/uploads/2023/01/mvi-keycom-on-brick-building-768x1024.png]
[mvisystems.com/wp-content/uploads/2023/01/mvi-logo-white.png]
[mvisystems.com/competitive-landscape-keycom-access-control/index.html]
[mvisystems.com/wp-json/wp/v2/pages/117.json]
[mvisystems.com/wp-json/oembed/1.0/embedd7d5.json]
[mvisystems.com/wp-json/oembed/1.0/embedfaf2]
[mvisystems.com/wp-content/uploads/2023/01/MVI_2104_15_Fact-Sheets-multifamily.pdf]
[mvisystems.com/wp-content/uploads/2023/01/MVI_2104_15_Fact-Sheets-commercial_and_gated.pdf]
[mvisystems.com/wp-content/uploads/2023/02/MVI_Package_Room_Fact_Sheet.pdf]
[mvisystems.com/fact-sheets/index.html]
[mvisystems.com/wp-json/wp/v2/pages/118.json]
[mvisystems.com/wp-json/oembed/1.0/embedcb9b.json]
[mvisystems.com/faqs/index.html]
[mvisystems.com/wp-json/oembed/1.0/embedd56b]
[mvisystems.com/wp-json/wp/v2/pages/1783.json]
[mvisystems.com/wp-json/oembed/1.0/embed2e07.json]
[mvisystems.com/contact-us/index.html]
[mvisystems.com/wp-json/oembed/1.0/embedc4c2]
[mvisystems.com/wp-json/wp/v2/pages/132.json]
[mvisystems.com/wp-json/oembed/1.0/embed0803.json]
[mvisystems.com/wp-json/oembed/1.0/embed5300]
[mvisystems.com/wp-content/uploads/2023/02/PHOTO-2023-02-01-15-29-49_1.jpg]
[mvisystems.com/wp-content/uploads/2023/02/PHOTO-2023-01-12-19-04-57.jpg]
[mvisystems.com/wp-content/uploads/2023/02/PHOTO-2022-11-03-00-04-36.jpg]
[mvisystems.com/wp-content/uploads/2023/02/PHOTO-2022-11-03-00-04-37_1.jpg]
[mvisystems.com/wp-content/uploads/2023/02/PHOTO-2022-07-01-15-30-52.jpg]
[mvisystems.com/wp-content/uploads/2023/02/PHOTO-2022-05-04-08-45-04_1.jpg]
[mvisystems.com/wp-content/uploads/2023/02/PHOTO-2022-04-07-13-32-53_2.jpg]
[mvisystems.com/wp-content/uploads/2023/02/PHOTO-2022-03-31-15-36-26.jpg]
[mvisystems.com/wp-content/uploads/2023/01/872613af-c7c6-4dcc-9276-76e178a3eac7.jpg]
[mvisystems.com/wp-content/uploads/2023/01/Photo-Sep-23-11-47-30-AM-3.jpg]
[mvisystems.com/wp-content/uploads/2023/01/Photo-Dec-13-9-36-22-AM-1-e1675968813539.jpg]
[mvisystems.com/wp-content/uploads/2023/01/Smart-Video-Intercome-Apartment.jpg]
[mvisystems.com/wp-content/uploads/2023/01/PHOTO-2020-01-28-16-15-10-e1675968715448.jpg]
[mvisystems.com/wp-content/uploads/2023/01/PHOTO-2020-01-28-13-35-33.jpg]
[mvisystems.com/wp-content/uploads/2023/01/KeyCom-Bolt-scaled-1.jpg]
[mvisystems.com/wp-content/uploads/2023/01/KeyCom-Bolt-Lady-1-scaled-1.jpg]
[mvisystems.com/wp-content/uploads/2023/01/Photo-Feb-28-1-36-13-PM-scaled-1.jpg]
[mvisystems.com/wp-content/uploads/2023/01/2020-12-07.jpg]
[mvisystems.com/wp-content/uploads/2023/01/Photo-Dec-13-9-36-22-AM-4.jpg]
[mvisystems.com/wp-content/uploads/2023/01/Photo-Aug-04-5-36-08-PM-scaled-1.jpg]
[mvisystems.com/wp-content/uploads/2023/01/Photo-Nov-16-2-43-21-PM.jpg]
[mvisystems.com/wp-content/uploads/2023/01/PHOTO-2019-12-19-14-13-13.jpg]
[mvisystems.com/wp-content/uploads/2023/01/Photo-Jun-17-3-50-37-PM-scaled-1.jpg]
[mvisystems.com/wp-content/uploads/2023/01/KeyCom_install_Signitel_2.jpg]
[mvisystems.com/wp-content/uploads/2023/01/KeyCom_install_Signitel_1.jpg]
[mvisystems.com/wp-content/uploads/2023/01/KeyCom_install_Signitel_2-1.jpg]
[mvisystems.com/wp-content/uploads/2023/01/mvi-intercom-install-4.jpeg.jpg]
[mvisystems.com/wp-content/uploads/2023/01/mvi-intercom-install-2.jpg]
[mvisystems.com/wp-content/uploads/2023/01/mvi-intercom-install-5.jpg]
[mvisystems.com/wp-content/uploads/2023/01/KeyCom_install_Signitel_1-1.jpg]
[mvisystems.com/wp-content/uploads/2023/01/mvi-install-0901-1.jpg]
[mvisystems.com/wp-content/uploads/2023/01/mvi-install-0901-3.jpg]
[mvisystems.com/wp-content/uploads/2023/01/mvi-install-072221-01.jpg]
[mvisystems.com/wp-content/uploads/2023/01/mvi-install-05.jpeg.jpg]
[mvisystems.com/wp-content/uploads/2023/01/mvi-install-072221-02.jpeg.jpg]
[mvisystems.com/wp-content/uploads/2023/01/mvi-install-0901-2-scaled-1.jpg]
[mvisystems.com/wp-content/uploads/2023/01/mvi-keycom-install-04.jpeg.jpg]
[mvisystems.com/wp-content/uploads/2023/01/mvi-install-072221-03.jpeg.jpg]
[mvisystems.com/wp-content/uploads/2023/01/mvi-install-06.jpg]
[mvisystems.com/wp-content/uploads/2023/01/mvi-keycom-install-05.jpeg.jpg]
[mvisystems.com/wp-content/uploads/2023/01/mvi-install-03-scaled-1.jpg]
[mvisystems.com/wp-content/uploads/2023/01/mvi-keycom-install-01.jpeg.jpg]
[mvisystems.com/wp-content/uploads/2023/01/mvi-keycom-install-02.jpeg.jpg]
[mvisystems.com/wp-content/uploads/2023/01/mvi-keycom-install-03.jpeg.jpg]
[mvisystems.com/wp-content/uploads/2023/01/mvi-keycom-install-06.jpeg.jpg]
[mvisystems.com/wp-content/uploads/2023/01/mvi-install-04.jpg]
[mvisystems.com/wp-content/uploads/2023/01/mvi-install-01-scaled-1.jpg]
[mvisystems.com/wp-content/uploads/2023/01/mvi-install-02.jpeg.jpg]
[mvisystems.com/wp-content/uploads/2023/01/mvi-install-08.jpg]
[mvisystems.com/wp-content/uploads/2023/01/mvi-install-07.jpg]
[mvisystems.com/wp-content/uploads/2023/01/mvi-keycom-watchmen-01.jpeg.jpg]
[mvisystems.com/wp-content/uploads/2023/01/mvi-keycom-watchmen-02.jpeg.jpg]
[mvisystems.com/wp-content/uploads/2023/01/mvi-install-2208-03.jpeg.jpg]
[mvisystems.com/wp-content/uploads/2023/01/mvi-install-2208-05.jpeg.jpg]
[mvisystems.com/wp-content/uploads/2023/01/mvi-keycom-installation-in-stone-doorway.jpg]
[mvisystems.com/wp-content/uploads/2023/01/mvi-install-2208-02.jpeg.jpg]
[mvisystems.com/wp-content/uploads/2023/01/mvi-install-2208-07.jpeg.jpg]
[mvisystems.com/wp-content/uploads/2023/01/mvi-keycom-installation-metal-door.jpg]
[mvisystems.com/wp-content/uploads/2023/01/mvi-install-2208-06.jpeg.jpg]
[mvisystems.com/wp-content/uploads/2023/01/mvi-install-2208-01.jpeg.jpg]
[mvisystems.com/wp-content/uploads/2023/02/PHOTO-2023-02-01-15-29-49_1-150x150.jpg]
[mvisystems.com/wp-content/uploads/2023/02/PHOTO-2023-01-12-19-04-57-150x150.jpg]
[mvisystems.com/wp-content/uploads/2023/02/PHOTO-2022-11-03-00-04-36-150x150.jpg]
[mvisystems.com/wp-content/uploads/2023/02/PHOTO-2022-11-03-00-04-37_1-150x150.jpg]
[mvisystems.com/wp-content/uploads/2023/02/PHOTO-2022-07-01-15-30-52-150x150.jpg]
[mvisystems.com/wp-content/uploads/2023/02/PHOTO-2022-05-04-08-45-04_1-150x150.jpg]
[mvisystems.com/wp-content/uploads/2023/02/PHOTO-2022-04-07-13-32-53_2-150x150.jpg]
[mvisystems.com/wp-content/uploads/2023/02/PHOTO-2022-03-31-15-36-26-150x150.jpg]
[mvisystems.com/wp-content/uploads/2023/01/872613af-c7c6-4dcc-9276-76e178a3eac7-150x150.jpg]
[mvisystems.com/wp-content/uploads/2023/01/Photo-Sep-23-11-47-30-AM-3-150x150.jpg]
[mvisystems.com/wp-content/uploads/2023/01/Photo-Dec-13-9-36-22-AM-1-e1675968813539-150x150.jpg]
[mvisystems.com/wp-content/uploads/2023/01/Smart-Video-Intercome-Apartment-150x150.jpg]
[mvisystems.com/wp-content/uploads/2023/01/PHOTO-2020-01-28-16-15-10-e1675968715448-150x150.jpg]
[mvisystems.com/wp-content/uploads/2023/01/PHOTO-2020-01-28-13-35-33-150x150.jpg]
[mvisystems.com/wp-content/uploads/2023/01/KeyCom-Bolt-scaled-1-150x150.jpg]
[mvisystems.com/wp-content/uploads/2023/01/KeyCom-Bolt-Lady-1-scaled-1-150x150.jpg]
[mvisystems.com/wp-content/uploads/2023/01/Photo-Feb-28-1-36-13-PM-scaled-1-150x150.jpg]
[mvisystems.com/wp-content/uploads/2023/01/2020-12-07-150x150.jpg]
[mvisystems.com/wp-content/uploads/2023/01/Photo-Dec-13-9-36-22-AM-4-150x150.jpg]
[mvisystems.com/wp-content/uploads/2023/01/Photo-Aug-04-5-36-08-PM-scaled-1-150x150.jpg]
[mvisystems.com/wp-content/uploads/2023/01/Photo-Nov-16-2-43-21-PM-150x150.jpg]
[mvisystems.com/wp-content/uploads/2023/01/PHOTO-2019-12-19-14-13-13-150x150.jpg]
[mvisystems.com/wp-content/uploads/2023/01/Photo-Jun-17-3-50-37-PM-scaled-1-150x150.jpg]
[mvisystems.com/wp-content/uploads/2023/01/KeyCom_install_Signitel_2-150x150.jpg]
[mvisystems.com/wp-content/uploads/2023/01/KeyCom_install_Signitel_1-150x150.jpg]
[mvisystems.com/wp-content/uploads/2023/01/KeyCom_install_Signitel_2-1-150x150.jpg]
[mvisystems.com/wp-content/uploads/2023/01/mvi-intercom-install-4.jpeg-150x150.jpg]
[mvisystems.com/wp-content/uploads/2023/01/mvi-intercom-install-2-150x150.jpg]
[mvisystems.com/wp-content/uploads/2023/01/mvi-intercom-install-5-150x150.jpg]
[mvisystems.com/wp-content/uploads/2023/01/KeyCom_install_Signitel_1-1-150x150.jpg]
[mvisystems.com/wp-content/uploads/2023/01/mvi-install-0901-1-150x150.jpg]
[mvisystems.com/wp-content/uploads/2023/01/mvi-install-0901-3-150x150.jpg]
[mvisystems.com/wp-content/uploads/2023/01/mvi-install-072221-01-150x150.jpg]
[mvisystems.com/wp-content/uploads/2023/01/mvi-install-05.jpeg-150x150.jpg]
[mvisystems.com/wp-content/uploads/2023/01/mvi-install-072221-02.jpeg-150x150.jpg]
[mvisystems.com/wp-content/uploads/2023/01/mvi-install-0901-2-scaled-1-150x150.jpg]
[mvisystems.com/wp-content/uploads/2023/01/mvi-keycom-install-04.jpeg-150x150.jpg]
[mvisystems.com/wp-content/uploads/2023/01/mvi-install-072221-03.jpeg-150x150.jpg]
[mvisystems.com/wp-content/uploads/2023/01/mvi-install-06-150x150.jpg]
[mvisystems.com/wp-content/uploads/2023/01/mvi-keycom-install-05.jpeg-150x150.jpg]
[mvisystems.com/wp-content/uploads/2023/01/mvi-install-03-scaled-1-150x150.jpg]
[mvisystems.com/wp-content/uploads/2023/01/mvi-keycom-install-01.jpeg-150x150.jpg]
[mvisystems.com/wp-content/uploads/2023/01/mvi-keycom-install-02.jpeg-150x150.jpg]
[mvisystems.com/wp-content/uploads/2023/01/mvi-keycom-install-03.jpeg-150x150.jpg]
[mvisystems.com/wp-content/uploads/2023/01/mvi-keycom-install-06.jpeg-150x150.jpg]
[mvisystems.com/wp-content/uploads/2023/01/mvi-install-04-150x150.jpg]
[mvisystems.com/wp-content/uploads/2023/01/mvi-install-01-scaled-1-150x150.jpg]
[mvisystems.com/wp-content/uploads/2023/01/mvi-install-02.jpeg-150x150.jpg]
[mvisystems.com/wp-content/uploads/2023/01/mvi-install-08-150x150.jpg]
[mvisystems.com/wp-content/uploads/2023/01/mvi-install-07-150x150.jpg]
[mvisystems.com/wp-content/uploads/2023/01/mvi-keycom-watchmen-01.jpeg-150x150.jpg]
[mvisystems.com/wp-content/uploads/2023/01/mvi-keycom-watchmen-02.jpeg-150x150.jpg]
[mvisystems.com/wp-content/uploads/2023/01/mvi-install-2208-03.jpeg-150x150.jpg]
[mvisystems.com/wp-content/uploads/2023/01/mvi-install-2208-05.jpeg-150x150.jpg]
[mvisystems.com/wp-content/uploads/2023/01/mvi-keycom-installation-in-stone-doorway-150x150.jpg]
[mvisystems.com/wp-content/uploads/2023/01/mvi-install-2208-02.jpeg-150x150.jpg]
[mvisystems.com/wp-content/uploads/2023/01/mvi-install-2208-07.jpeg-150x150.jpg]
[mvisystems.com/wp-content/uploads/2023/01/mvi-keycom-installation-metal-door-150x150.jpg]
[mvisystems.com/wp-content/uploads/2023/01/mvi-install-2208-06.jpeg-150x150.jpg]
[mvisystems.com/wp-content/uploads/2023/01/mvi-install-2208-01.jpeg-150x150.jpg]
[mvisystems.com/gallery/index.html]
[mvisystems.com/wp-json/wp/v2/pages/138.json]
[mvisystems.com/wp-json/oembed/1.0/embed3528.json]
[mvisystems.com/wp-json/oembed/1.0/embed898f]
[mvisystems.com/wp-content/uploads/2023/01/business-men-handshaking.jpg]
[mvisystems.com/clients/index.html]
[mvisystems.com/wp-content/uploads/2023/06/woman-using-mvi-keycom-1024x684.jpg]
[mvisystems.com/wp-content/uploads/2023/05/Man-Using-MVI-Keycom-1024x809.jpg]
[mvisystems.com/blog-automated-property-access-news-information/page/2/index.html]
[mvisystems.com/why-keycom-is-the-best-choice/index.html]
[mvisystems.com/wp-content/uploads/2023/04/doorman-holding-door-for-couple-1024x683.jpeg]
[mvisystems.com/category/apartment-buildings/index.html]
[mvisystems.com/category/butterflymx/index.html]
[mvisystems.com/wp-content/uploads/2023/03/MVI-Mar-Blog-1024x536.png]
[mvisystems.com/category/mvi-keycom/index.html]
[mvisystems.com/category/access-control/index.html]
[mvisystems.com/category/news/index.html]
[mvisystems.com/wp-content/uploads/2023/02/MVI-Jan-Blog-1-1024x536.png]
[mvisystems.com/category/property-managers/index.html]
[mvisystems.com/benefits-of-a-keyless-door-entry-system/index.html]
[mvisystems.com/doorman-buildings-pros-cons/index.html]
[mvisystems.com/wp-content/uploads/2023/01/MVI-Jan-Blog-1024x536.webp]
[mvisystems.com/get-packages-delivered-to-your-apartment/index.html]
[mvisystems.com/multi-family-properties-3-strategies-for-boosting-resident-satisfaction/index.html]
[mvisystems.com/wp-content/uploads/2022/12/MVI-Dec-Blog-1024x536.png]
[mvisystems.com/how-to-control-visitor-access-to-shared-buildings/index.html]
[mvisystems.com/blog-automated-property-access-news-information/index.html]
[mvisystems.com/4-ways-mvi-can-keep-building-secure-during-holidays/index.html]
[mvisystems.com/blog-automated-property-access-news-information/page/3/index.html]
[mvisystems.com/wp-json/wp/v2/pages/139.json]
[mvisystems.com/wp-json/oembed/1.0/embedf20d.json]
[mvisystems.com/blog-automated-property-access-news-information/page/4/index.html]
[mvisystems.com/wp-json/oembed/1.0/embed171f]
[mvisystems.com/wp-content/uploads/2023/02/gI_98895_NewsImage_vcsPRAsset_1589670_98895_c5914e4a-22bd-4bb4-bd79-ecf9d5a84ea0_0.png]
[mvisystems.com/wp-content/uploads/2023/01/MVIandHartmannLogos.png]
[mvisystems.com/wp-content/uploads/2023/01/pdk-partnership-mobile-app.jpg]
[mvisystems.com/wp-content/uploads/2023/01/gI_97743_NewsImage_vcsPRAsset_1589670_97743_0693a6b7-d210-4243-868f-35aa6b93ce05_0.png]
[mvisystems.com/wp-content/uploads/2023/01/gI_97678_NewsImage_vcsPRAsset_1589670_97678_937e1f9a-14e2-4bd3-8a38-73ae01080842_0.png]
[mvisystems.com/wp-content/uploads/2023/01/gI_96867_NewsImage_vcsPRAsset_1589670_96867_b46509af-d1e5-4e94-b132-6960eb216a8d_0.png]
[mvisystems.com/mvi-press/index.html]
[mvisystems.com/wp-json/wp/v2/pages/55.json]
[mvisystems.com/mvi-press/page/2/index.html]
[mvisystems.com/wp-json/oembed/1.0/embed1100.json]
[mvisystems.com/mvi-press/page/3/index.html]
[mvisystems.com/mvi-press/page/4/index.html]
[mvisystems.com/request-quote/index.html]
[mvisystems.com/cdn-cgi/l/email-protection.html]
[mvisystems.com/wp-json/oembed/1.0/embed010b]
[mvisystems.com/wp-json/wp/v2/pages/2242.json]
[mvisystems.com/wp-json/oembed/1.0/embed2a05.json]
[mvisystems.com/accessibility/index.html]
[mvisystems.com/wp-json/oembed/1.0/embed53e1]
[mvisystems.com/wp-json/wp/v2/pages/3.json]
[mvisystems.com/wp-json/oembed/1.0/embedd37c.json]
[mvisystems.com/privacy-policy/index.html]
[mvisystems.com/wp-content/themes/understrap/fonts/fontawesome-webfont3e6e.svg]
[mvisystems.com/wp-content/plugins/bellows-accordion-menu/assets/css/fontawesome/fonts/fontawesome-webfont93e3.svg]
[mvisystems.com/index42dc.html]
[mvisystems.com/about-us/contact-us/index.html]
[mvisystems.com/index6aed.html]
[mvisystems.com/index8b4e.html]
[mvisystems.com/indexd52d.html]
[mvisystems.com/index5401.html]
[mvisystems.com/index3f5a.html]
[mvisystems.com/indexc5eb.html]
[mvisystems.com/indexe6f0.html]
[mvisystems.com/index2303.html]
[mvisystems.com/index1c00.html]
[mvisystems.com/index9430.html]
[mvisystems.com/resources/download-apps/index.html]
[mvisystems.com/indexdf82.html]
[mvisystems.com/indexbbbb.html]
[mvisystems.com/wp-json/oembed/1.0/embed67d6]
[mvisystems.com/wp-content/uploads/mvi-apps/MVI_Desktop_Client.msi]
[mvisystems.com/index8820.html]
[mvisystems.com/index3961.html]
[mvisystems.com/case-studies/the-grand/index.html]
[mvisystems.com/case-studies/greystar/index.html]
[mvisystems.com/index30a5.html]
[mvisystems.com/index0a10.html]
[mvisystems.com/indexd78c.html]
[mvisystems.com/index8320.html]
[mvisystems.com/indexdb4e.html]
[mvisystems.com/index001d.html]
[mvisystems.com/index31a3.html]
[mvisystems.com/index1a26.html]
[mvisystems.com/blog-automated-property-access-news-information/page/2/index.html]
[mvisystems.com/why-keycom-is-the-best-choice/index.html]
[mvisystems.com/category/access-control/index.html]
[mvisystems.com/category/apartment-buildings/index.html]
[mvisystems.com/category/butterflymx/index.html]
[mvisystems.com/category/mvi-keycom/index.html]
[mvisystems.com/category/news/index.html]
[mvisystems.com/category/property-managers/index.html]
[mvisystems.com/benefits-of-a-keyless-door-entry-system/index.html]
[mvisystems.com/doorman-buildings-pros-cons/index.html]
[mvisystems.com/get-packages-delivered-to-your-apartment/index.html]
[mvisystems.com/multi-family-properties-3-strategies-for-boosting-resident-satisfaction/index.html]
[mvisystems.com/how-to-control-visitor-access-to-shared-buildings/index.html]
[mvisystems.com/4-ways-mvi-can-keep-building-secure-during-holidays/index.html]
[mvisystems.com/blog-automated-property-access-news-information/page/3/index.html]
[mvisystems.com/blog-automated-property-access-news-information/page/4/index.html]
[mvisystems.com/indexb4d2.html]
[mvisystems.com/mvi-press/page/2/index.html]
[mvisystems.com/mvi-press/page/3/index.html]
[mvisystems.com/mvi-press/page/4/index.html]
[mvisystems.com/index8054.html]
[mvisystems.com/indexde4f.html]
[mvisystems.com/wp-json/wp/v2/pages/112]
[mvisystems.com/index2207.html]
